// Jest Snapshot v1, https://goo.gl/fbAQLP

exports[`App Component component snapshot matches 1`] = `null`;
